// Jest Snapshot v1, https://goo.gl/fbAQLP

exports[`<AddtoCart/> renders and matches snapshot 1`] = `
<button
  onClick={[Function]}
>
  ðŸ›’ Add To Cart
</button>
`;
