// Jest Snapshot v1, https://goo.gl/fbAQLP

exports[`<Cart/> renders 1`] = `<[object Object] />`;
