// Jest Snapshot v1, https://goo.gl/fbAQLP

exports[`<RemoveFromCart/> renders and matches snapshot 1`] = `
<styled.button
  onClick={[Function]}
  title="Remove From Cart"
>
  Ã—
</styled.button>
`;
